[urbolabs.com/index.html]
[backblue.gif]
[fade.gif]
[index.html]
[ponderapp.co/index.html]
[omega-r.com/index.html]
[urbolabs.com/css/bootstrap.min.css]
[urbolabs.com/css/mainpage.css]
[www.wilowithlove.com/index.html]
[storage.googleapis.com/urbolabs.com/header-logo.png]
[www.bogartit.com/index.html]
[storage.googleapis.com/urbolabs.com/header_bg_mainpage.jpg]
[www.culturesnapapp.com/index.html]
[storage.googleapis.com/urbolabs.com/icons/ic_notification.png]
[www.gettotallyrad.com/index.html]
[storage.googleapis.com/urbolabs.com/icons/ic_money.png]
[storage.googleapis.com/urbolabs.com/icons/ic_cart.png]
[storage.googleapis.com/urbolabs.com/icons/ic_share.png]
[storage.googleapis.com/urbolabs.com/mainpage_content_image.png]
[storage.googleapis.com/urbolabs.com/icons/ic_facebook.png]
[urbolabs.com/index.html]
[storage.googleapis.com/urbolabs.com/icons/ic_twitter.png]
[fonts.googleapis.com/index.html]
[www.appearme.com/comments/feed/index.html]
[www.appearme.com/feed/index.html]
[www.appearme.com/home/feed/index.html]
[fonts.googleapis.com/css.177e23.delayed]
[www.appearme.com/xmlrpc0db0.php]
[www.appearme.com/wp-json/index.html]
[www.appearme.com/wp-includes/wlwmanifest.xml]
[www.appearme.com/wp-json/oembed/1.0/embed1d9f.json]
[www.appearme.com/wp-json/oembed/1.0/embede2e7]
[api.at.getsocial.io/widget/v1/gs_async6b18.js]
[www.appearme.com/wp-content/uploads/fbrfg/apple-touch-icon.png]
[www.appearme.com/wp-content/uploads/fbrfg/favicon-32x32.png]
[www.appearme.com/wp-content/uploads/fbrfg/favicon-16x16.png]
[www.appearme.com/wp-content/uploads/fbrfg/manifest.json]
[www.appearme.com/wp-content/uploads/fbrfg/favicon.ico]
[eventish.com/wp-content/uploads/2017/10/AppearMe-Logo-202.png]
[i1.wp.com/www.appearme.com/wp-content/uploads/2017/10/AppearMe_Dashboard-10456.jpg]
[i2.wp.com/www.appearme.com/wp-content/uploads/2014/10/AppearMe_Appearances0456.png]
[i1.wp.com/eventish.com/wp-content/uploads/2014/09/AppearMe-Banner-D-300x757dc8.png]
[i0.wp.com/eventish.com/wp-content/uploads/2014/11/App-Store-Banner-Afee7.png]
[i2.wp.com/eventish.com/wp-content/uploads/2014/11/Google-Play-Banner-Afee7.png]
[i1.wp.com/eventish.com/wp-content/uploads/2014/09/AppearMe-Banner-D-300x75bdcc.png]
[i0.wp.com/eventish.com/wp-content/uploads/2014/10/2017-10-18_Dashboard-Mobile-View0456.png]
[i0.wp.com/eventish.com/wp-content/uploads/2014/10/2017-10-18_Dashboard-Mobile-View_left-side-menu0456.png]
[i1.wp.com/eventish.com/wp-content/uploads/2014/10/2017-10-18_Dashboard-Mobile-View_right-side-menu0456.png]
[i2.wp.com/www.appearme.com/wp-content/uploads/2017/11/court_case9908.jpg]
[i2.wp.com/www.appearme.com/wp-content/uploads/2017/11/appear_anywhere9908.jpg]
[i0.wp.com/www.appearme.com/wp-content/uploads/2017/10/appearance_lawyer9908.jpg]
[i2.wp.com/www.appearme.com/wp-content/uploads/2017/10/Licensed_Young_Lawyer9908.jpg]
[i1.wp.com/www.appearme.com/wp-content/uploads/2017/10/california_bar_examcff0.jpg]
[i0.wp.com/www.appearme.com/wp-content/uploads/2017/10/young_lawyers9908.jpg]
[i1.wp.com/www.appearme.com/wp-content/uploads/2017/10/appearme_app5989.jpg]
[i0.wp.com/www.appearme.com/wp-content/uploads/2017/09/custody_lawyerb7a1.jpg]
[i2.wp.com/www.appearme.com/wp-content/uploads/2017/11/court_case1372.jpg]
[i2.wp.com/www.appearme.com/wp-content/uploads/2017/11/appear_anywhere1372.jpg]
[www.appearme.com/index.html]
[i0.wp.com/www.appearme.com/wp-content/uploads/2017/10/appearance_lawyer1372.jpg]
[ponderapp.co/index.html]
[omega-r.com/css/styles.min.css]
[omega-r.com/css/main.css]
[omega-r.com/images/portfolio/gogol.png]
[omega-r.com/img/portfolio/bg-gogol.png]
[omega-r.com/img/portfolio/bistrodengi.png]
[omega-r.com/img/portfolio/bistrodengi-popup.png]
[omega-r.com/img/portfolio/theater.png]
[omega-r.com/img/portfolio/theater-popup.png]
[omega-r.com/img/portfolio/prt.png]
[omega-r.com/img/portfolio/prt-popap.png]
[omega-r.com/img/portfolio/cska-preview.jpg]
[omega-r.com/img/portfolio/cska.png]
[omega-r.com/img/portfolio/spar-preview.jpg]
[omega-r.com/img/portfolio/spar.png]
[omega-r.com/img/portfolio/bike-preview.jpg]
[omega-r.com/img/portfolio/bike.png]
[omega-r.com/img/portfolio/dino-preview.jpg]
[omega-r.com/img/portfolio/motor-world.png]
[omega-r.com/img/portfolio/motor.png]
[omega-r.com/img/portfolio/dowoodle-preview.jpg]
[omega-r.com/img/portfolio/dowoodle.png]
[omega-r.com/images/portfolio/new/learnEnglish.png]
[omega-r.com/img/portfolio/learn2.png]
[omega-r.com/img/portfolio/skip-bo-preview.jpg]
[omega-r.com/img/portfolio/skip-bo.png]
[omega-r.com/img/portfolio/scattergories-preview.jpg]
[omega-r.com/img/portfolio/scattegories.png]
[omega-r.com/images/portfolio/new/liveColors.png]
[omega-r.com/img/portfolio/color.png]
[omega-r.com/img/portfolio/gb.png]
[omega-r.com/img/portfolio/guitarability.png]
[omega-r.com/images/portfolio/new/runMeter.png]
[omega-r.com/img/portfolio/move.png]
[omega-r.com/img/portfolio/flyplist.png]
[omega-r.com/img/portfolio/flyplist-img.png]
[omega-r.com/images/portfolio/new/notaBane.png]
[omega-r.com/img/portfolio/note.png]
[omega-r.com/img/portfolio/ibar.png]
[omega-r.com/img/portfolio/bar.png]
[omega-r.com/img/portfolio/icon-bar1.png]
[omega-r.com/img/portfolio/icon-bar2.png]
[omega-r.com/img/portfolio/icon-bar3.png]
[omega-r.com/img/portfolio/recall_little.png]
[omega-r.com/img/portfolio/MacBook_recall.png]
[omega-r.com/images/portfolio/WiseWallet.png]
[omega-r.com/img/portfolio/wise.png]
[omega-r.com/img/portfolio/Phase10.png]
[omega-r.com/img/portfolio/phase-phone.png]
[omega-r.com/img/portfolio/casino-king.png]
[omega-r.com/img/portfolio/ipad-casino.png]
[omega-r.com/images/portfolio/wings.png]
[omega-r.com/img/portfolio/bg-curly.png]
[omega-r.com/img/portfolio/VR.png]
[omega-r.com/img/portfolio/vr-img.png]
[omega-r.com/images/portfolio/new/3DHouse.png]
[omega-r.com/images/portfolio/new/worldGym.png]
[omega-r.com/img/portfolio/gym.png]
[omega-r.com/images/portfolio/new/savvee.png]
[omega-r.com/img/portfolio/savvee.png]
[omega-r.com/images/portfolio/new/citizenVape.png]
[omega-r.com/img/portfolio/citizen.png]
[omega-r.com/img/portfolio/flipping-dice.png]
[omega-r.com/img/portfolio/flip22.png]
[omega-r.com/images/portfolio/audiovisualizer.png]
[omega-r.com/img/portfolio/vr-audio.png]
[omega-r.com/img/clients/OhBiBi.png]
[omega-r.com/img/clients/magmic.png]
[omega-r.com/img/clients/WorldGym.png]
[omega-r.com/img/clients/Marines.png]
[omega-r.com/img/clients/SportCom.png]
[omega-r.com/img/clients/imi.png]
[omega-r.com/img/clients/gerb.png]
[omega-r.com/img/clients/utility.png]
[omega-r.com/img/awards/awwwards.png]
[omega-r.com/img/awards/clutch.png]
[omega-r.com/img/awards/muse-awards.png]
[omega-r.com/img/awards/upwork.png]
[omega-r.com/img/awards/awards_fwa.png]
[omega-r.com/img/awards/golden_site_small.png]
[omega-r.com/img/awards/cmsmagazine.png]
[omega-r.com/img/awards/mobiledeveloper.png]
[omega-r.com/img/awards/goodfirms.png]
[omega-r.com/img/awards/apptractor.png]
[omega-r.com/img/awards/topdevelopers.png]
[omega-r.com/img/awards/topagency.png]
[omega-r.com/img/team/DSC_6121.png]
[omega-r.com/img/team/DSC_6049.png]
[omega-r.com/img/team/DSC_6062.png]
[mc.yandex.ru/metrika/watch.js]
[omega-r.com/index.html]
[motiapp.com/apple-touch-icon.png]
[motiapp.com/favicon-32x32.png]
[motiapp.com/favicon-16x16.png]
[motiapp.com/manifest.json]
[motiapp.com/index.html]
[v.fastcdn.co/f/css5c84.css]
[v.fastcdn.co/a/c5daf95aba6f9e2a40f1b3ad32db313c569db9bc/031a761e2b05d2bed213fd1f07412755.css]
[v.fastcdn.co/t/4e3b1610/e1b1f6ca/1506374182-19948816-91x111x91x111x0x0-wilo-color.png]
[v.fastcdn.co/t/4e3b1610/e1b1f6ca/1506374187-22382421-135x40-Download-on-the-App-.png]
[v.fastcdn.co/t/4e3b1610/e1b1f6ca/1506374186-9545613-48x48-play-material.png]
[v.fastcdn.co/t/4e3b1610/e1b1f6ca/1506374184-19949851-301x554x301x554x0x0-wilo-1.jpg]
[v.fastcdn.co/t/4e3b1610/e1b1f6ca/1506374186-19950031-301x554x301x555x0x1-wilo-2.jpg]
[v.fastcdn.co/t/4e3b1610/e1b1f6ca/1506374185-19950361-301x554x301x555x0x1-wilo-3.jpg]
[v.fastcdn.co/t/4e3b1610/e1b1f6ca/1506374188-22389976-29x29-FB-f-Logo--white-29.png]
[www.wilowithlove.com/index.html]
[v.fastcdn.co/t/4e3b1610/e1b1f6ca/1506374188-22390301-29x29-glyph-logo-May2016-c.png]
[www.bogartit.com/images/customer-facing-faviconec23.ico]
[www.bogartit.com/css/site_globalc66f.css]
[www.bogartit.com/css/master_customer-facing4b5f.css]
[www.bogartit.com/css/indexd7cf.css]
[www.bogartit.com/index.html]
[cdnjs.cloudflare.com/ajax/libs/animate.css/3.5.2/animate.min.css]
[www.gettotallyrad.com/assets/favicons/apple-touch-icon-57x57.png]
[www.gettotallyrad.com/assets/favicons/apple-touch-icon-60x60.png]
[www.gettotallyrad.com/assets/favicons/apple-touch-icon-72x72.png]
[www.gettotallyrad.com/assets/favicons/apple-touch-icon-76x76.png]
[www.gettotallyrad.com/assets/favicons/apple-touch-icon-114x114.png]
[www.gettotallyrad.com/assets/favicons/apple-touch-icon-120x120.png]
[www.gettotallyrad.com/assets/favicons/apple-touch-icon-144x144.png]
[www.gettotallyrad.com/assets/favicons/apple-touch-icon-152x152.png]
[www.gettotallyrad.com/assets/favicons/apple-touch-icon-180x180.png]
[www.gettotallyrad.com/assets/favicons/favicon-32x32.png]
[www.gettotallyrad.com/assets/favicons/favicon-194x194.png]
[www.gettotallyrad.com/assets/favicons/favicon-96x96.png]
[www.gettotallyrad.com/assets/favicons/android-chrome-192x192.png]
[www.gettotallyrad.com/assets/favicons/favicon-16x16.png]
[www.gettotallyrad.com/assets/favicons/manifest.json]
[www.gettotallyrad.com/assets/favicons/favicon.ico]
[www.gettotallyrad.com/feed.html]
[www.gettotallyrad.com/_themes/totallyrad/css/tr-common.css]
[www.gettotallyrad.com/_themes/totallyrad/css/tr-nav.css]
[www.gettotallyrad.com/_themes/totallyrad/css/tr-common-mobile.css]
[www.gettotallyrad.com/_themes/totallyrad/css/home.css]
[www.gettotallyrad.com/assets/img/common/tr-logo-banner.png]
[www.gettotallyrad.com/assets/img/home/ptg_logo.png]
[www.gettotallyrad.com/assets/img/home/ptg_app_str_badge.png]
[www.gettotallyrad.com/assets/img/home/blog_post_1.jpg]
[www.gettotallyrad.com/assets/img/home/blog_post_2.jpg]
[www.gettotallyrad.com/assets/img/home/blog_post_3.jpg]
[www.gettotallyrad.com/assets/img/footer/fb_social_btn.png]
[www.gettotallyrad.com/assets/img/footer/tw_social_btn.png]
[www.gettotallyrad.com/assets/img/footer/pi_social_btn.png]
[www.gettotallyrad.com/assets/img/footer/ig_social_btn.png]
[www.gettotallyrad.com/index.html]
[gmpg.org/xfn/11.html]
[www.appearme.com/xmlrpc.php]
[s0.wp.com/index.html]
[fonts.googleapis.com/index.html]
[s.w.org/index.html]
[fonts.googleapis.com/css7e23.html]
[www.appearme.com/wp-content/themes/applay/css/dynamic_css7bcd.css]
[v0.wordpress.com/index.html]
[i0.wp.com/index.html]
[i1.wp.com/index.html]
[i2.wp.com/index.html]
[ponderapp.co/xmlrpc.php]
[v.fastcdn.co/f/css5c84.css]
[www.gettotallyrad.com/feed.html]
[urbolabs.com/css/bootstrap.min.css]
[storage.googleapis.com/urbolabs.com/header-logo.png]
[urbolabs.com/css/mainpage.css]
[storage.googleapis.com/urbolabs.com/icons/ic_notification.png]
[storage.googleapis.com/urbolabs.com/icons/ic_money.png]
[storage.googleapis.com/urbolabs.com/header_bg_mainpage.jpg]
[www.appearme.com/wp-content/plugins/applay-showcase/js/owl-carousel/owl.carousel7bcd.css]
[www.appearme.com/feed/index.html]
[www.appearme.com/wp-json/index.html]
[www.appearme.com/wp-content/plugins/applay-showcase/js/owl-carousel/owl.theme7bcd.css]
[www.appearme.com/wp-content/plugins/applay-showcase/style7bcd.css]
[www.appearme.com/wp-content/plugins/applay-showcase/devices/assets/style7bcd.css]
[api.at.getsocial.io/widget/v1/gs_async6b18.js]
[www.appearme.com/wp-content/plugins/applay-showcase/devices/new/devices.min7bcd.css]
[www.appearme.com/wp-content/plugins/js_composer/assets/lib/bower/font-awesome/css/font-awesome.min5fba.css]
[www.appearme.com/wp-content/plugins/contact-form-7/includes/css/styles33a6.css]
[www.appearme.com/wp-content/plugins/wp-ajax-query-shortcode/js/prettyPhoto/css/prettyPhoto7bcd.css]
[www.appearme.com/wp-content/plugins/wp-ajax-query-shortcode/style7bcd.css]
[www.appearme.com/wp-content/plugins/wp-pagenavi/pagenavi-css44fd.css]
[www.appearme.com/wp-content/themes/applay/css/bootstrap.min7bcd.css]
[www.appearme.com/wp-content/themes/applay/js/colorbox/colorbox7bcd.css]
[i1.wp.com/www.appearme.com/wp-content/uploads/2017/10/AppearMe_Dashboard-10456.jpg]
[www.appearme.com/wp-content/themes/applay/style7bcd.css]
[www.appearme.com/wp-content/plugins/js_composer/assets/css/js_composer.min5fba.css]
[i2.wp.com/www.appearme.com/wp-content/uploads/2014/10/AppearMe_Appearances0456.png]
[www.appearme.com/wp-content/plugins/add-to-any/addtoany.mind50e.css]
[i1.wp.com/eventish.com/wp-content/uploads/2014/09/AppearMe-Banner-D-300x757dc8.png]
[www.appearme.com/wp-content/plugins/jetpack/css/jetpackde54.css]
[i0.wp.com/eventish.com/wp-content/uploads/2014/11/App-Store-Banner-Afee7.png]
[www.appearme.com/wp-content/uploads/fbrfg/safari-pinned-tab.svg]
[i2.wp.com/eventish.com/wp-content/uploads/2014/11/Google-Play-Banner-Afee7.png]
[i1.wp.com/eventish.com/wp-content/uploads/2014/09/AppearMe-Banner-D-300x75bdcc.png]
[i0.wp.com/eventish.com/wp-content/uploads/2014/10/2017-10-18_Dashboard-Mobile-View0456.png]
[i0.wp.com/eventish.com/wp-content/uploads/2014/10/2017-10-18_Dashboard-Mobile-View_left-side-menu0456.png]
[ponderapp.co/xmlrpc.php]
[omega-r.com/css/styles.min.css]
[omega-r.com/css/main.css]
[omega-r.com/img/logo-black.svg]
[omega-r.com/img/agima.svg]
[mc.yandex.ru/metrika/watch.js]
[motiapp.com/safari-pinned-tab.svg]
[motiapp.com/style.css]
[motiapp.com/slick.css]
[motiapp.com/home.min.css]
[v.fastcdn.co/a/c5daf95aba6f9e2a40f1b3ad32db313c569db9bc/031a761e2b05d2bed213fd1f07412755.css]
[www.gettotallyrad.com/assets/favicons/apple-touch-icon-57x57.png]
[www.bogartit.com/css/site_globalc66f.css]
[www.gettotallyrad.com/assets/favicons/apple-touch-icon-60x60.png]
[www.bogartit.com/css/master_customer-facing4b5f.css]
[www.gettotallyrad.com/assets/favicons/apple-touch-icon-72x72.png]
[www.bogartit.com/css/indexd7cf.css]
[www.gettotallyrad.com/assets/favicons/apple-touch-icon-76x76.png]
[cdnjs.cloudflare.com/ajax/libs/animate.css/3.5.2/animate.min.css]
[www.gettotallyrad.com/feed.html]
[www.gettotallyrad.com/assets/img/common/tr-logo-banner.png]
[www.gettotallyrad.com/_themes/totallyrad/css/tr-common.css]
[www.gettotallyrad.com/assets/img/home/ptg_logo.png]
[www.gettotallyrad.com/_themes/totallyrad/css/tr-nav.css]
[www.gettotallyrad.com/assets/img/home/ptg_app_str_badge.png]
[www.gettotallyrad.com/_themes/totallyrad/css/tr-common-mobile.css]
[www.gettotallyrad.com/assets/img/home/blog_post_1.jpg]
[www.gettotallyrad.com/_themes/totallyrad/css/home.css]
[omega-r.com/favicon.ico]
